  Game.cpp
C:\Users\Usuario\Documents\GitHub\AA3_menace_OscarDuque-CarlosBlasco\source\Object.h(39,21): warning C4305: 'argumento': truncamiento de 'double' a 'float'
  (compilando archivo de origen "source/Game.cpp")
  
C:\Users\Usuario\Documents\GitHub\AA3_menace_OscarDuque-CarlosBlasco\source\TimeManager.h(14,49): warning C4244: '=': conversión de 'double' a 'float'; posible pérdida de datos
  (compilando archivo de origen "source/Game.cpp")
  
C:\Users\Usuario\Documents\GitHub\AA3_menace_OscarDuque-CarlosBlasco\source\TimeManager.h(51,41): warning C4244: '=': conversión de 'double' a 'float'; posible pérdida de datos
  (compilando archivo de origen "source/Game.cpp")
  
C:\Users\Usuario\Documents\GitHub\AA3_menace_OscarDuque-CarlosBlasco\source\AudioManager.h(56,12): warning C4267: 'inicializando': conversión de 'size_t' a 'int'; posible pérdida de datos
  (compilando archivo de origen "source/Game.cpp")
  
C:\Users\Usuario\Documents\GitHub\AA3_menace_OscarDuque-CarlosBlasco\source\Player.h(48,76): warning C4244: 'argumento': conversión de 'int' a 'float'; posible pérdida de datos
  (compilando archivo de origen "source/Game.cpp")
  
C:\Users\Usuario\Documents\GitHub\AA3_menace_OscarDuque-CarlosBlasco\source\Player.h(48,53): warning C4244: 'argumento': conversión de 'int' a 'float'; posible pérdida de datos
  (compilando archivo de origen "source/Game.cpp")
  
C:\Users\Usuario\Documents\GitHub\AA3_menace_OscarDuque-CarlosBlasco\source\Scene.h(34,14): warning C4267: 'inicializando': conversión de 'size_t' a 'int'; posible pérdida de datos
  (compilando archivo de origen "source/Game.cpp")
  
C:\Users\Usuario\Documents\GitHub\AA3_menace_OscarDuque-CarlosBlasco\source\Scene.h(43,14): warning C4267: 'inicializando': conversión de 'size_t' a 'int'; posible pérdida de datos
  (compilando archivo de origen "source/Game.cpp")
  
C:\Users\Usuario\Documents\GitHub\AA3_menace_OscarDuque-CarlosBlasco\source\Scene.h(69,12): warning C4267: 'inicializando': conversión de 'size_t' a 'int'; posible pérdida de datos
  (compilando archivo de origen "source/Game.cpp")
  
C:\Users\Usuario\Documents\GitHub\AA3_menace_OscarDuque-CarlosBlasco\source\Scene.h(82,18): warning C4267: '=': conversión de 'size_t' a 'int'; posible pérdida de datos
  (compilando archivo de origen "source/Game.cpp")
  
C:\Users\Usuario\Documents\GitHub\AA3_menace_OscarDuque-CarlosBlasco\source\Fondo.h(17,26): warning C4244: '=': conversión de 'const int' a 'float'; posible pérdida de datos
  (compilando archivo de origen "source/Game.cpp")
  
C:\Users\Usuario\Documents\GitHub\AA3_menace_OscarDuque-CarlosBlasco\source\Fondo.h(22,56): warning C4244: 'argumento': conversión de 'const int' a 'float'; posible pérdida de datos
  (compilando archivo de origen "source/Game.cpp")
  
C:\Users\Usuario\Documents\GitHub\AA3_menace_OscarDuque-CarlosBlasco\source\Fondo.h(22,38): warning C4244: 'argumento': conversión de 'const int' a 'float'; posible pérdida de datos
  (compilando archivo de origen "source/Game.cpp")
  
C:\Users\Usuario\Documents\GitHub\AA3_menace_OscarDuque-CarlosBlasco\source\Horde.h(321,56): warning C4804: '>': uso no seguro del tipo 'bool' en la operación
  (compilando archivo de origen "source/Game.cpp")
  
C:\Users\Usuario\Documents\GitHub\AA3_menace_OscarDuque-CarlosBlasco\source\Gameplay.h(76,54): warning C4244: 'argumento': conversión de 'int' a 'float'; posible pérdida de datos
  (compilando archivo de origen "source/Game.cpp")
  
C:\Users\Usuario\Documents\GitHub\AA3_menace_OscarDuque-CarlosBlasco\source\Gameplay.h(76,29): warning C4244: 'argumento': conversión de 'int' a 'float'; posible pérdida de datos
  (compilando archivo de origen "source/Game.cpp")
  
C:\Users\Usuario\Documents\GitHub\AA3_menace_OscarDuque-CarlosBlasco\source\Gameplay.h(80,136): warning C4244: 'argumento': conversión de 'const int' a 'float'; posible pérdida de datos
  (compilando archivo de origen "source/Game.cpp")
  
C:\Users\Usuario\Documents\GitHub\AA3_menace_OscarDuque-CarlosBlasco\source\Gameplay.h(80,118): warning C4244: 'argumento': conversión de 'const int' a 'float'; posible pérdida de datos
  (compilando archivo de origen "source/Game.cpp")
  
C:\Users\Usuario\Documents\GitHub\AA3_menace_OscarDuque-CarlosBlasco\source\Gameplay.h(81,135): warning C4244: 'argumento': conversión de 'const int' a 'float'; posible pérdida de datos
  (compilando archivo de origen "source/Game.cpp")
  
C:\Users\Usuario\Documents\GitHub\AA3_menace_OscarDuque-CarlosBlasco\source\Gameplay.h(81,117): warning C4244: 'argumento': conversión de 'const int' a 'float'; posible pérdida de datos
  (compilando archivo de origen "source/Game.cpp")
  
C:\Users\Usuario\Documents\GitHub\AA3_menace_OscarDuque-CarlosBlasco\source\Gameplay.h(82,135): warning C4244: 'argumento': conversión de 'const int' a 'float'; posible pérdida de datos
  (compilando archivo de origen "source/Game.cpp")
  
C:\Users\Usuario\Documents\GitHub\AA3_menace_OscarDuque-CarlosBlasco\source\Gameplay.h(82,117): warning C4244: 'argumento': conversión de 'const int' a 'float'; posible pérdida de datos
  (compilando archivo de origen "source/Game.cpp")
  
C:\Users\Usuario\Documents\GitHub\AA3_menace_OscarDuque-CarlosBlasco\source\Gameplay.h(97,81): warning C4244: 'argumento': conversión de 'const int' a 'float'; posible pérdida de datos
  (compilando archivo de origen "source/Game.cpp")
  
C:\Users\Usuario\Documents\GitHub\AA3_menace_OscarDuque-CarlosBlasco\source\Gameplay.h(98,84): warning C4244: 'argumento': conversión de 'int' a 'float'; posible pérdida de datos
  (compilando archivo de origen "source/Game.cpp")
  
C:\Users\Usuario\Documents\GitHub\AA3_menace_OscarDuque-CarlosBlasco\source\Gameplay.h(98,101): warning C4244: 'argumento': conversión de 'const int' a 'float'; posible pérdida de datos
  (compilando archivo de origen "source/Game.cpp")
  
C:\Users\Usuario\Documents\GitHub\AA3_menace_OscarDuque-CarlosBlasco\source\Gameplay.h(99,89): warning C4244: 'argumento': conversión de 'const int' a 'float'; posible pérdida de datos
  (compilando archivo de origen "source/Game.cpp")
  
C:\Users\Usuario\Documents\GitHub\AA3_menace_OscarDuque-CarlosBlasco\source\Gameplay.h(100,76): warning C4244: 'argumento': conversión de 'double' a 'float'; posible pérdida de datos
  (compilando archivo de origen "source/Game.cpp")
  
C:\Users\Usuario\Documents\GitHub\AA3_menace_OscarDuque-CarlosBlasco\source\Gameplay.h(100,42): warning C4244: 'argumento': conversión de 'const int' a 'float'; posible pérdida de datos
  (compilando archivo de origen "source/Game.cpp")
  
C:\Users\Usuario\Documents\GitHub\AA3_menace_OscarDuque-CarlosBlasco\source\Gameplay.h(100,100): warning C4244: 'argumento': conversión de 'const int' a 'float'; posible pérdida de datos
  (compilando archivo de origen "source/Game.cpp")
  
C:\Users\Usuario\Documents\GitHub\AA3_menace_OscarDuque-CarlosBlasco\source\Fondo2.h(17,26): warning C4244: '=': conversión de 'const int' a 'float'; posible pérdida de datos
  (compilando archivo de origen "source/Game.cpp")
  
C:\Users\Usuario\Documents\GitHub\AA3_menace_OscarDuque-CarlosBlasco\source\Fondo2.h(22,56): warning C4244: 'argumento': conversión de 'const int' a 'float'; posible pérdida de datos
  (compilando archivo de origen "source/Game.cpp")
  
C:\Users\Usuario\Documents\GitHub\AA3_menace_OscarDuque-CarlosBlasco\source\Fondo2.h(22,38): warning C4244: 'argumento': conversión de 'const int' a 'float'; posible pérdida de datos
  (compilando archivo de origen "source/Game.cpp")
  
C:\Users\Usuario\Documents\GitHub\AA3_menace_OscarDuque-CarlosBlasco\source\Valquiria.h(16,14): warning C4244: 'inicializando': conversión de 'float' a 'int'; posible pérdida de datos
  (compilando archivo de origen "source/Game.cpp")
  
C:\Users\Usuario\Documents\GitHub\AA3_menace_OscarDuque-CarlosBlasco\source\Horde2.h(346,68): warning C4804: '>': uso no seguro del tipo 'bool' en la operación
  (compilando archivo de origen "source/Game.cpp")
  
C:\Users\Usuario\Documents\GitHub\AA3_menace_OscarDuque-CarlosBlasco\source\Level2.h(70,54): warning C4244: 'argumento': conversión de 'int' a 'float'; posible pérdida de datos
  (compilando archivo de origen "source/Game.cpp")
  
C:\Users\Usuario\Documents\GitHub\AA3_menace_OscarDuque-CarlosBlasco\source\Level2.h(70,29): warning C4244: 'argumento': conversión de 'int' a 'float'; posible pérdida de datos
  (compilando archivo de origen "source/Game.cpp")
  
C:\Users\Usuario\Documents\GitHub\AA3_menace_OscarDuque-CarlosBlasco\source\Level2.h(74,138): warning C4244: 'argumento': conversión de 'const int' a 'float'; posible pérdida de datos
  (compilando archivo de origen "source/Game.cpp")
  
C:\Users\Usuario\Documents\GitHub\AA3_menace_OscarDuque-CarlosBlasco\source\Level2.h(74,120): warning C4244: 'argumento': conversión de 'const int' a 'float'; posible pérdida de datos
  (compilando archivo de origen "source/Game.cpp")
  
C:\Users\Usuario\Documents\GitHub\AA3_menace_OscarDuque-CarlosBlasco\source\Level2.h(75,137): warning C4244: 'argumento': conversión de 'const int' a 'float'; posible pérdida de datos
  (compilando archivo de origen "source/Game.cpp")
  
C:\Users\Usuario\Documents\GitHub\AA3_menace_OscarDuque-CarlosBlasco\source\Level2.h(75,119): warning C4244: 'argumento': conversión de 'const int' a 'float'; posible pérdida de datos
  (compilando archivo de origen "source/Game.cpp")
  
C:\Users\Usuario\Documents\GitHub\AA3_menace_OscarDuque-CarlosBlasco\source\Level2.h(76,137): warning C4244: 'argumento': conversión de 'const int' a 'float'; posible pérdida de datos
  (compilando archivo de origen "source/Game.cpp")
  
C:\Users\Usuario\Documents\GitHub\AA3_menace_OscarDuque-CarlosBlasco\source\Level2.h(76,119): warning C4244: 'argumento': conversión de 'const int' a 'float'; posible pérdida de datos
  (compilando archivo de origen "source/Game.cpp")
  
C:\Users\Usuario\Documents\GitHub\AA3_menace_OscarDuque-CarlosBlasco\source\Level2.h(91,81): warning C4244: 'argumento': conversión de 'const int' a 'float'; posible pérdida de datos
  (compilando archivo de origen "source/Game.cpp")
  
C:\Users\Usuario\Documents\GitHub\AA3_menace_OscarDuque-CarlosBlasco\source\Level2.h(92,103): warning C4244: 'argumento': conversión de 'const int' a 'float'; posible pérdida de datos
  (compilando archivo de origen "source/Game.cpp")
  
C:\Users\Usuario\Documents\GitHub\AA3_menace_OscarDuque-CarlosBlasco\source\Level2.h(93,89): warning C4244: 'argumento': conversión de 'const int' a 'float'; posible pérdida de datos
  (compilando archivo de origen "source/Game.cpp")
  
C:\Users\Usuario\Documents\GitHub\AA3_menace_OscarDuque-CarlosBlasco\source\Level2.h(94,84): warning C4244: 'argumento': conversión de 'double' a 'float'; posible pérdida de datos
  (compilando archivo de origen "source/Game.cpp")
  
C:\Users\Usuario\Documents\GitHub\AA3_menace_OscarDuque-CarlosBlasco\source\Level2.h(94,108): warning C4244: 'argumento': conversión de 'const int' a 'float'; posible pérdida de datos
  (compilando archivo de origen "source/Game.cpp")
  
C:\Users\Usuario\Documents\GitHub\AA3_menace_OscarDuque-CarlosBlasco\source\ImageUI.h(11,26): warning C4244: '=': conversión de 'const int' a 'float'; posible pérdida de datos
  (compilando archivo de origen "source/Game.cpp")
  
C:\Users\Usuario\Documents\GitHub\AA3_menace_OscarDuque-CarlosBlasco\source\ImageUI.h(14,56): warning C4244: 'argumento': conversión de 'const int' a 'float'; posible pérdida de datos
  (compilando archivo de origen "source/Game.cpp")
  
C:\Users\Usuario\Documents\GitHub\AA3_menace_OscarDuque-CarlosBlasco\source\ImageUI.h(14,38): warning C4244: 'argumento': conversión de 'const int' a 'float'; posible pérdida de datos
  (compilando archivo de origen "source/Game.cpp")
  
C:\Users\Usuario\Documents\GitHub\AA3_menace_OscarDuque-CarlosBlasco\source\SplashScreen.h(18,65): warning C4244: 'argumento': conversión de 'int' a 'float'; posible pérdida de datos
  (compilando archivo de origen "source/Game.cpp")
  
C:\Users\Usuario\Documents\GitHub\AA3_menace_OscarDuque-CarlosBlasco\source\SplashScreen.h(18,125): warning C4244: 'argumento': conversión de 'const int' a 'float'; posible pérdida de datos
  (compilando archivo de origen "source/Game.cpp")
  
C:\Users\Usuario\Documents\GitHub\AA3_menace_OscarDuque-CarlosBlasco\source\SplashScreen.h(18,107): warning C4244: 'argumento': conversión de 'const int' a 'float'; posible pérdida de datos
  (compilando archivo de origen "source/Game.cpp")
  
C:\Program Files\Microsoft Visual Studio\2022\Community\VC\Tools\MSVC\14.41.34120\include\type_traits(1720,77): warning C4244: 'argumento': conversión de 'unsigned __int64' a 'int'; posible pérdida de datos
  (compilando archivo de origen "source/Game.cpp")
      C:\Program Files\Microsoft Visual Studio\2022\Community\VC\Tools\MSVC\14.41.34120\include\type_traits(1720,77):
      el contexto de creación de instancias de la plantilla (el más antiguo primero) es
          C:\Users\Usuario\Documents\GitHub\AA3_menace_OscarDuque-CarlosBlasco\source\AudioManager.h(107,21):
          Vea la referencia a la creación de una instancia de la función plantilla "std::thread::thread<void(__cdecl AudioManager::* )(std::string,int),AudioManager*,std::string&,unsigned __int64,0>(_Fn &&,AudioManager *&&,std::string &,unsigned __int64 &&)" que se está compilando
          with
          [
              _Fn=void (__cdecl AudioManager::* )(std::string,int)
          ]
          C:\Program Files\Microsoft Visual Studio\2022\Community\VC\Tools\MSVC\14.41.34120\include\thread(93,9):
          Vea la referencia a la creación de una instancia de la función plantilla "void std::thread::_Start<_Ty,AudioManager*,std::string&,unsigned __int64>(_Fn &&,AudioManager *&&,std::string &,unsigned __int64 &&)" que se está compilando
          with
          [
              _Ty=void (__cdecl AudioManager::* )(std::string,int),
              _Fn=void (__cdecl AudioManager::* )(std::string,int)
          ]
          C:\Program Files\Microsoft Visual Studio\2022\Community\VC\Tools\MSVC\14.41.34120\include\thread(76,40):
          Vea la referencia a la creación de una instancia de la función plantilla "unsigned int (__cdecl *std::thread::_Get_invoke<std::thread::_Start::_Tuple,0,1,2,3>(std::integer_sequence<size_t,0,1,2,3>) noexcept)(void *)" que se está compilando
          C:\Program Files\Microsoft Visual Studio\2022\Community\VC\Tools\MSVC\14.41.34120\include\thread(67,17):
          Vea la referencia a la creación de una instancia de la función plantilla "unsigned int std::thread::_Invoke<std::thread::_Start::_Tuple,0,1,2,3>(void *) noexcept" que se está compilando
          C:\Program Files\Microsoft Visual Studio\2022\Community\VC\Tools\MSVC\14.41.34120\include\thread(60,14):
          Vea la referencia a la creación de una instancia de la función plantilla "void std::invoke<void(__cdecl AudioManager::* )(std::string,int),AudioManager*,std::basic_string<char,std::char_traits<char>,std::allocator<char>>,unsigned __int64>(_Callable &&,_Ty1 &&,std::basic_string<char,std::char_traits<char>,std::allocator<char>> &&,unsigned __int64 &&) noexcept(false)" que se está compilando
          with
          [
              _Callable=void (__cdecl AudioManager::* )(std::string,int),
              _Ty1=AudioManager *
          ]
  
  Player.cpp
C:\Users\Usuario\Documents\GitHub\AA3_menace_OscarDuque-CarlosBlasco\source\Object.h(39,21): warning C4305: 'argumento': truncamiento de 'double' a 'float'
  (compilando archivo de origen "source/Player.cpp")
  
C:\Users\Usuario\Documents\GitHub\AA3_menace_OscarDuque-CarlosBlasco\source\TimeManager.h(14,49): warning C4244: '=': conversión de 'double' a 'float'; posible pérdida de datos
  (compilando archivo de origen "source/Player.cpp")
  
C:\Users\Usuario\Documents\GitHub\AA3_menace_OscarDuque-CarlosBlasco\source\TimeManager.h(51,41): warning C4244: '=': conversión de 'double' a 'float'; posible pérdida de datos
  (compilando archivo de origen "source/Player.cpp")
  
C:\Users\Usuario\Documents\GitHub\AA3_menace_OscarDuque-CarlosBlasco\source\AudioManager.h(56,12): warning C4267: 'inicializando': conversión de 'size_t' a 'int'; posible pérdida de datos
  (compilando archivo de origen "source/Player.cpp")
  
C:\Users\Usuario\Documents\GitHub\AA3_menace_OscarDuque-CarlosBlasco\source\Player.h(48,76): warning C4244: 'argumento': conversión de 'int' a 'float'; posible pérdida de datos
  (compilando archivo de origen "source/Player.cpp")
  
C:\Users\Usuario\Documents\GitHub\AA3_menace_OscarDuque-CarlosBlasco\source\Player.h(48,53): warning C4244: 'argumento': conversión de 'int' a 'float'; posible pérdida de datos
  (compilando archivo de origen "source/Player.cpp")
  
C:\Users\Usuario\Documents\GitHub\AA3_menace_OscarDuque-CarlosBlasco\source\Player.cpp(48,15): warning C4305: '*=': truncamiento de 'double' a 'float'
C:\Program Files\Microsoft Visual Studio\2022\Community\VC\Tools\MSVC\14.41.34120\include\type_traits(1720,77): warning C4244: 'argumento': conversión de 'unsigned __int64' a 'int'; posible pérdida de datos
  (compilando archivo de origen "source/Player.cpp")
      C:\Program Files\Microsoft Visual Studio\2022\Community\VC\Tools\MSVC\14.41.34120\include\type_traits(1720,77):
      el contexto de creación de instancias de la plantilla (el más antiguo primero) es
          C:\Users\Usuario\Documents\GitHub\AA3_menace_OscarDuque-CarlosBlasco\source\AudioManager.h(107,21):
          Vea la referencia a la creación de una instancia de la función plantilla "std::thread::thread<void(__cdecl AudioManager::* )(std::string,int),AudioManager*,std::string&,unsigned __int64,0>(_Fn &&,AudioManager *&&,std::string &,unsigned __int64 &&)" que se está compilando
          with
          [
              _Fn=void (__cdecl AudioManager::* )(std::string,int)
          ]
          C:\Program Files\Microsoft Visual Studio\2022\Community\VC\Tools\MSVC\14.41.34120\include\thread(93,9):
          Vea la referencia a la creación de una instancia de la función plantilla "void std::thread::_Start<_Ty,AudioManager*,std::string&,unsigned __int64>(_Fn &&,AudioManager *&&,std::string &,unsigned __int64 &&)" que se está compilando
          with
          [
              _Ty=void (__cdecl AudioManager::* )(std::string,int),
              _Fn=void (__cdecl AudioManager::* )(std::string,int)
          ]
          C:\Program Files\Microsoft Visual Studio\2022\Community\VC\Tools\MSVC\14.41.34120\include\thread(76,40):
          Vea la referencia a la creación de una instancia de la función plantilla "unsigned int (__cdecl *std::thread::_Get_invoke<std::thread::_Start::_Tuple,0,1,2,3>(std::integer_sequence<size_t,0,1,2,3>) noexcept)(void *)" que se está compilando
          C:\Program Files\Microsoft Visual Studio\2022\Community\VC\Tools\MSVC\14.41.34120\include\thread(67,17):
          Vea la referencia a la creación de una instancia de la función plantilla "unsigned int std::thread::_Invoke<std::thread::_Start::_Tuple,0,1,2,3>(void *) noexcept" que se está compilando
          C:\Program Files\Microsoft Visual Studio\2022\Community\VC\Tools\MSVC\14.41.34120\include\thread(60,14):
          Vea la referencia a la creación de una instancia de la función plantilla "void std::invoke<void(__cdecl AudioManager::* )(std::string,int),AudioManager*,std::basic_string<char,std::char_traits<char>,std::allocator<char>>,unsigned __int64>(_Callable &&,_Ty1 &&,std::basic_string<char,std::char_traits<char>,std::allocator<char>> &&,unsigned __int64 &&) noexcept(false)" que se está compilando
          with
          [
              _Callable=void (__cdecl AudioManager::* )(std::string,int),
              _Ty1=AudioManager *
          ]
  
  Generando código...
  Project1.vcxproj -> C:\Users\Usuario\Documents\GitHub\AA3_menace_OscarDuque-CarlosBlasco\binaries\x64\Menace.exe
  0 archivo(s) copiado(s)
  0 archivo(s) copiado(s)
  0 archivo(s) copiado(s)
  0 archivo(s) copiado(s)
  0 archivo(s) copiado(s)
