c:\users\oscarduquegranero\documents\software\sdltuto\project1\tmp\project1x64\vc143.pdb
c:\users\oscarduquegranero\documents\software\sdltuto\project1\tmp\project1x64\vc143.idb
c:\users\oscarduquegranero\documents\software\sdltuto\project1\tmp\project1x64\inputmanager.obj
c:\users\oscarduquegranero\documents\software\sdltuto\project1\tmp\project1x64\main.obj
c:\users\oscarduquegranero\documents\software\sdltuto\project1\tmp\project1x64\rendermanager.obj
c:\users\oscarduquegranero\documents\software\sdltuto\project1\tmp\project1x64\game.obj
c:\users\oscarduquegranero\documents\software\sdltuto\project1\tmp\project1x64\rigidbody.obj
c:\users\oscarduquegranero\documents\software\sdltuto\project1\tmp\project1x64\aabb.obj
c:\users\oscarduquegranero\documents\software\sdltuto\project1\tmp\project1x64\project1.ilk
c:\users\oscarduquegranero\documents\software\sdltuto\project1\tmp\project1x64\gameobject.obj
c:\users\oscarduquegranero\documents\software\sdltuto\project1\tmp\project1x64\imagerendere.obj
c:\users\oscarduquegranero\documents\software\sdltuto\project1\tmp\project1x64\imagerenderer.obj
c:\users\oscarduquegranero\documents\software\sdltuto\project1\tmp\project1x64\game.obj.enc
c:\users\oscarduquegranero\documents\software\sdltuto\project1\\binaries\x64\project1.pdb
c:\users\oscarduquegranero\documents\software\sdltuto\project1\\tmp\project1x64\project1.vcxproj.filelistabsolute.txt
c:\users\oscarduquegranero\documents\software\sdltuto\project1\tmp\project1x64\project1.tlog\cl.command.1.tlog
c:\users\oscarduquegranero\documents\software\sdltuto\project1\tmp\project1x64\project1.tlog\cl.items.tlog
c:\users\oscarduquegranero\documents\software\sdltuto\project1\tmp\project1x64\project1.tlog\cl.read.1.tlog
c:\users\oscarduquegranero\documents\software\sdltuto\project1\tmp\project1x64\project1.tlog\cl.write.1.tlog
c:\users\oscarduquegranero\documents\software\sdltuto\project1\tmp\project1x64\project1.tlog\link-cvtres.read.1.tlog
c:\users\oscarduquegranero\documents\software\sdltuto\project1\tmp\project1x64\project1.tlog\link-cvtres.write.1.tlog
c:\users\oscarduquegranero\documents\software\sdltuto\project1\tmp\project1x64\project1.tlog\link-rc.read.1.tlog
c:\users\oscarduquegranero\documents\software\sdltuto\project1\tmp\project1x64\project1.tlog\link-rc.write.1.tlog
c:\users\oscarduquegranero\documents\software\sdltuto\project1\tmp\project1x64\project1.tlog\link.8404-cvtres.read.1.tlog
c:\users\oscarduquegranero\documents\software\sdltuto\project1\tmp\project1x64\project1.tlog\link.8404-cvtres.write.1.tlog
c:\users\oscarduquegranero\documents\software\sdltuto\project1\tmp\project1x64\project1.tlog\link.8404-rc.read.1.tlog
c:\users\oscarduquegranero\documents\software\sdltuto\project1\tmp\project1x64\project1.tlog\link.8404-rc.write.1.tlog
c:\users\oscarduquegranero\documents\software\sdltuto\project1\tmp\project1x64\project1.tlog\link.8404.read.1.tlog
c:\users\oscarduquegranero\documents\software\sdltuto\project1\tmp\project1x64\project1.tlog\link.8404.read.2.tlog
c:\users\oscarduquegranero\documents\software\sdltuto\project1\tmp\project1x64\project1.tlog\link.8404.read.3.tlog
c:\users\oscarduquegranero\documents\software\sdltuto\project1\tmp\project1x64\project1.tlog\link.8404.read.4.tlog
c:\users\oscarduquegranero\documents\software\sdltuto\project1\tmp\project1x64\project1.tlog\link.8404.write.1.tlog
c:\users\oscarduquegranero\documents\software\sdltuto\project1\tmp\project1x64\project1.tlog\link.command.1.tlog
c:\users\oscarduquegranero\documents\software\sdltuto\project1\tmp\project1x64\project1.tlog\link.read.1.tlog
c:\users\oscarduquegranero\documents\software\sdltuto\project1\tmp\project1x64\project1.tlog\link.read.2.tlog
c:\users\oscarduquegranero\documents\software\sdltuto\project1\tmp\project1x64\project1.tlog\link.read.3.tlog
c:\users\oscarduquegranero\documents\software\sdltuto\project1\tmp\project1x64\project1.tlog\link.read.4.tlog
c:\users\oscarduquegranero\documents\software\sdltuto\project1\tmp\project1x64\project1.tlog\link.secondary.1.tlog
c:\users\oscarduquegranero\documents\software\sdltuto\project1\tmp\project1x64\project1.tlog\link.write.1.tlog
